map "http://hl7.org/fhir/cda/StructureDeMap/ClinicalDocument" = ClinicalDocument-Bundle

uses "http://hl7.org/fhir/StructureDefinition/Bundle" as source
uses "http://hl7.org/fhir/cda/StructureDefinition/ClinicalDocument" as target

// getting going: check bundle of type document, and make a ClinicalDocument
group Bundle
  input "source" : Bundle as source 
  
  start: for source where source.type = 'bundle' make create("ClinicalDocument") as target
    then ClinicalDocumentContent(source, target)
endgroup

// mapping content from Bundle to ClinicalDocument
group ClinicalDocoumentBundle
  input "source" : Bundle as source 
  input "target" : ClinicalDocument as target 

  // some of the things from ClinicalDocument go into the bundle itself - id and effectiveTime
  id: for source.identifier make target.id   // that will use the Identifier -> II mapping statement
  timestamp: for source.timestamp make target.effectiveTime
    
  entry: for source.entry {first} as s then {
   resource: for s.resource as s2 then ClinicalDocumentComposition(s2, target, source)
  }
  
endgroup

// mapping from ClinicalDocument to Composition
group ClinicalDocoumentBundle
  input "source" : Composition as source 
  input "target" : ClinicalDocument as target 
  input "bundle" : Bundle as source  // we'll need this as we map the Composition details to create more entries
  
  // there's no id on this Composition (all the other resources will have to have ids so they can be referenced
  setId: for source.identifer make target.setId
  // status: C-CDA doesn't have a status, so we ignore this
  
  // etc  
endgroup